// Jest Snapshot v1, https://goo.gl/fbAQLP

exports[`Comment Form should render correctly with props 1`] = `
<div
  className="form-comment container"
>
  <form
    className="border-outer"
  >
    <div
      className="border-inner"
    >
      <input
        className="form-input"
        name="name"
        placeholder="name"
        type="text"
        value="Bob Loblaw"
      />
      <input
        className="form-input"
        name="comment"
        placeholder="comment"
        type="text"
        value="Rock on."
      />
      <div
        className="submit-box"
      >
        <input
          type="submit"
          value="Submit Comment"
        />
      </div>
    </div>
  </form>
</div>
`;
