// Jest Snapshot v1, https://goo.gl/fbAQLP

exports[`Student should render correctly 1`] = `
<div
  className="student list-item container column"
>
  <a
    className="list-item-a student-a"
    href="/profile/undefined"
  >
    <img
      className="list-item-img student-img"
    />
    <label
      className="list-item-name student-name"
    />
  </a>
</div>
`;
