// Jest Snapshot v1, https://goo.gl/fbAQLP

exports[`Student should render correctly with props 1`] = `
<div
  className="student container column"
>
  <a
    className="student-box"
    href="/profile/5a0d089080bcabc5ac8cb222"
  >
    <img
      className="list-item-img student-img"
      src="https://www.w3schools.com/w3css/img_fjords.jpg"
    />
    <label
      className="list-item-name student-name"
    >
      Frodo Baggins
    </label>
  </a>
</div>
`;
